// Jest Snapshot v1, https://goo.gl/fbAQLP

exports[`<NavigationBack /> renders correctly 1`] = `
<TouchableOpacity
  accessibilityComponentType="button"
  accessibilityLabel="go back"
  accessibilityTraits="button"
  accessible={true}
  activeOpacity={0.8}
  onPress={[Function]}
  style={
    Object {
      "paddingHorizontal": 16,
      "paddingVertical": 8,
    }
  }
>
  <SvgCircleLeft
    active={true}
    size={24}
  />
</TouchableOpacity>
`;
