// Jest Snapshot v1, https://goo.gl/fbAQLP

exports[`<Touch /> renders correctly 1`] = `
<TouchableOpacity
  accessibilityComponentType="button"
  accessibilityLabel=""
  accessibilityTraits="button"
  accessible={true}
  activeOpacity={0.8}
  onPress={[MockFunction]}
  style={
    Object {
      "alignItems": "center",
      "backgroundColor": "#1d2d3a",
      "borderColor": "#1d2d3a",
      "borderRadius": 4,
      "borderWidth": 0.5,
      "height": 48,
      "justifyContent": "center",
      "paddingHorizontal": 24,
      "paddingVertical": 8,
    }
  }
>
  <Component
    style={
      Object {
        "color": "#fff",
        "textAlign": "center",
      }
    }
  />
</TouchableOpacity>
`;
