// Jest Snapshot v1, https://goo.gl/fbAQLP

exports[`<SettingsScreen /> renders correctly 1`] = `
<Component
  style={
    Object {
      "backgroundColor": "#fff",
      "flex": 1,
    }
  }
>
  <ScrollViewMock
    contentContainerStyle={
      Object {
        "alignItems": "center",
        "paddingTop": 30,
      }
    }
  >
    <Component
      style={
        Object {
          "color": "#1d2d3a",
        }
      }
    >
      Settings Content Area
    </Component>
    <Component
      style={
        Object {
          "fontFamily": "pacifico",
          "fontSize": 20,
          "marginTop": 16,
        }
      }
    >
      Pacifico Font Example
    </Component>
  </ScrollViewMock>
</Component>
`;
